[2025-11-20T19:35:51.4290628+07:00] Login: button clicked
[2025-11-20T19:35:53.3972401+07:00] Login: succeeded
[2025-11-20T19:35:53.4485980+07:00] MainForm: constructor start
[2025-11-20T19:35:53.4591804+07:00] MainForm: after CreateSidebar
[2025-11-20T19:35:53.5420820+07:00] MainForm: Load event
[2025-11-20T21:13:44.0533489+07:00] Login: button clicked
[2025-11-20T21:13:46.0941228+07:00] Login: succeeded
[2025-11-20T21:13:46.1322449+07:00] MainForm: constructor start
[2025-11-20T21:13:46.1412535+07:00] MainForm: after CreateSidebar
[2025-11-20T21:13:46.2018152+07:00] MainForm: Load event
[2025-11-20T21:14:11.2915489+07:00] Login: button clicked
[2025-11-20T21:14:11.5729768+07:00] Login: succeeded
[2025-11-20T22:17:23.5913715+07:00] Login: button clicked
[2025-11-20T22:17:24.5667103+07:00] Login: succeeded
[2025-11-20T22:17:24.6130869+07:00] MainForm: constructor start
[2025-11-20T22:17:24.6201666+07:00] MainForm: after CreateSidebar
[2025-11-20T22:17:24.6793234+07:00] MainForm: Load event
[2025-11-20T22:21:10.3358775+07:00] Login: button clicked
[2025-11-20T22:21:10.6195242+07:00] Login: succeeded
[2025-11-20T23:27:58.7170718+07:00] Login: button clicked
[2025-11-20T23:28:00.6927105+07:00] Login: succeeded
[2025-11-20T23:28:00.7673936+07:00] MainForm: constructor start
[2025-11-20T23:28:00.7749257+07:00] MainForm: after CreateSidebar
[2025-11-20T23:28:00.8427334+07:00] MainForm: Load event
[2025-11-20T23:30:07.3152797+07:00] Login: button clicked
[2025-11-20T23:30:08.0395809+07:00] Login: succeeded
[2025-11-20T23:30:08.1036811+07:00] MainForm: constructor start
[2025-11-20T23:30:08.1125722+07:00] MainForm: after CreateSidebar
[2025-11-20T23:30:08.1740504+07:00] MainForm: Load event
[2025-11-20T23:41:01.9672370+07:00] Login: button clicked
[2025-11-20T23:41:02.6540500+07:00] Login: succeeded
[2025-11-20T23:41:02.7058821+07:00] MainForm: constructor start
[2025-11-20T23:41:02.7133505+07:00] MainForm: after CreateSidebar
[2025-11-20T23:41:02.7669287+07:00] MainForm: Load event
[2025-11-20T23:43:16.1859851+07:00] Login: button clicked
[2025-11-20T23:43:17.0823220+07:00] Login: succeeded
[2025-11-20T23:43:17.1233888+07:00] MainForm: constructor start
[2025-11-20T23:43:17.1313688+07:00] MainForm: after CreateSidebar
[2025-11-20T23:43:17.1958726+07:00] MainForm: Load event
[2025-11-20T23:44:25.8149581+07:00] Login: button clicked
[2025-11-20T23:44:27.7830050+07:00] Login: succeeded
[2025-11-20T23:44:27.8144926+07:00] MainForm: constructor start
[2025-11-20T23:44:27.8218115+07:00] MainForm: after CreateSidebar
[2025-11-20T23:44:27.8905690+07:00] MainForm: Load event
[2025-11-21T00:02:49.3387756+07:00] Login: button clicked
[2025-11-21T00:02:51.1556447+07:00] Login: succeeded
[2025-11-21T00:02:51.1997509+07:00] MainForm: constructor start
[2025-11-21T00:02:51.2101109+07:00] MainForm: after CreateSidebar
[2025-11-21T00:02:51.2994299+07:00] MainForm: Load event
[2025-11-21T00:07:34.3148074+07:00] Login: button clicked
[2025-11-21T00:07:36.0364043+07:00] Login: succeeded
[2025-11-21T00:07:36.0985842+07:00] MainForm: constructor start
[2025-11-21T00:07:36.1055392+07:00] MainForm: after CreateSidebar
[2025-11-21T00:07:36.1777202+07:00] MainForm: Load event
[2025-11-21T00:15:17.6401673+07:00] Login: button clicked
[2025-11-21T00:15:18.3557517+07:00] Login: succeeded
[2025-11-21T00:15:18.4025534+07:00] MainForm: constructor start
[2025-11-21T00:15:18.4087795+07:00] MainForm: after CreateSidebar
[2025-11-21T00:15:18.4565867+07:00] MainForm: Load event
[2025-11-21T12:37:32.1248411+07:00] Login: button clicked
[2025-11-21T12:37:34.1337684+07:00] Login: succeeded
[2025-11-21T12:37:34.1891614+07:00] MainForm: constructor start
[2025-11-21T12:37:34.2023699+07:00] MainForm: after CreateSidebar
[2025-11-21T12:37:34.3039193+07:00] MainForm: Load event
[2025-11-21T13:48:11.4139010+07:00] Login: button clicked
[2025-11-21T13:48:13.8602326+07:00] Login: succeeded
[2025-11-21T13:48:13.9662102+07:00] MainForm: constructor start
[2025-11-21T13:48:13.9820913+07:00] MainForm: after CreateSidebar
[2025-11-21T13:48:14.0871038+07:00] MainForm: Load event
[2025-11-21T13:55:15.6755968+07:00] Login: button clicked
[2025-11-21T13:55:16.6232805+07:00] Login: succeeded
[2025-11-21T13:55:16.7192224+07:00] MainForm: constructor start
[2025-11-21T13:55:16.7285244+07:00] MainForm: after CreateSidebar
[2025-11-21T13:55:16.8213774+07:00] MainForm: Load event
[2025-11-21T14:30:44.0382658+07:00] Login: button clicked
[2025-11-21T14:30:45.4997491+07:00] Login: succeeded
[2025-11-21T14:30:45.6119585+07:00] MainForm: constructor start
[2025-11-21T14:30:45.6260890+07:00] MainForm: after CreateSidebar
[2025-11-21T14:30:45.7180943+07:00] MainForm: Load event
[2025-11-21T14:34:39.9520971+07:00] Login: button clicked
[2025-11-21T14:34:41.3078211+07:00] Login: succeeded
[2025-11-21T14:34:41.4122488+07:00] MainForm: constructor start
[2025-11-21T14:34:41.4240518+07:00] MainForm: after CreateSidebar
[2025-11-21T14:34:41.5080260+07:00] MainForm: Load event
[2025-11-21T14:34:56.7755529+07:00] Login: button clicked
[2025-11-21T14:34:57.1653275+07:00] Login: succeeded
[2025-11-21T14:45:53.4871550+07:00] Login: button clicked
[2025-11-21T14:45:54.7674147+07:00] Login: succeeded
[2025-11-21T14:45:54.8614834+07:00] MainForm: constructor start
[2025-11-21T14:45:54.8684577+07:00] MainForm: after CreateSidebar
[2025-11-21T14:45:54.9715555+07:00] MainForm: Load event
[2025-11-21T14:56:29.8449148+07:00] Login: button clicked
[2025-11-21T14:56:31.2121128+07:00] Login: succeeded
[2025-11-21T14:56:31.3042455+07:00] MainForm: constructor start
[2025-11-21T14:56:31.3168319+07:00] MainForm: after CreateSidebar
[2025-11-21T14:56:31.4116689+07:00] MainForm: Load event
[2025-11-21T15:11:56.2767306+07:00] Login: button clicked
[2025-11-21T15:11:57.3712898+07:00] Login: succeeded
[2025-11-21T15:11:57.4905031+07:00] MainForm: constructor start
[2025-11-21T15:11:57.5008338+07:00] MainForm: after CreateSidebar
[2025-11-21T15:11:57.5913492+07:00] MainForm: Load event
[2025-11-21T16:06:55.0251272+07:00] Login: button clicked
[2025-11-21T16:06:56.3361215+07:00] Login: succeeded
[2025-11-21T16:06:56.4451306+07:00] MainForm: constructor start
[2025-11-21T16:06:56.4580769+07:00] MainForm: after CreateSidebar
[2025-11-21T16:06:56.5397029+07:00] MainForm: Load event
[2025-11-24T02:02:39.0898127+07:00] Login: button clicked
[2025-11-24T02:02:41.0847949+07:00] Login: succeeded
[2025-11-24T02:02:41.1495858+07:00] MainForm: constructor start
[2025-11-24T02:02:41.1650387+07:00] MainForm: after CreateSidebar
[2025-11-24T02:02:41.2561331+07:00] MainForm: Load event
[2025-11-24T02:21:40.3181510+07:00] Login: button clicked
[2025-11-24T02:21:42.0521564+07:00] Login: succeeded
[2025-11-24T02:21:42.1009323+07:00] MainForm: constructor start
[2025-11-24T02:21:42.1157149+07:00] MainForm: after CreateSidebar
[2025-11-24T02:21:42.2105952+07:00] MainForm: Load event
[2025-11-24T02:42:48.1332769+07:00] Login: button clicked
[2025-11-24T02:42:50.1946595+07:00] Login: succeeded
[2025-11-24T02:42:50.2470862+07:00] MainForm: constructor start
[2025-11-24T02:42:50.2555733+07:00] MainForm: after CreateSidebar
[2025-11-24T02:42:50.3391588+07:00] MainForm: Load event
[2025-11-24T02:54:54.8776813+07:00] Login: button clicked
[2025-11-24T02:54:55.6139499+07:00] Login: succeeded
[2025-11-24T02:54:55.6741238+07:00] MainForm: constructor start
[2025-11-24T02:54:55.6814673+07:00] MainForm: after CreateSidebar
[2025-11-24T02:54:55.7474995+07:00] MainForm: Load event
[2025-11-24T03:10:24.4101205+07:00] Login: button clicked
[2025-11-24T03:10:24.7259463+07:00] Login: succeeded
[2025-11-24T03:10:32.8100838+07:00] Service_Load start. SpecialtyApiClient is present.
[2025-11-24T03:10:33.1187419+07:00] Service card created: Nhi Khoa
[2025-11-24T03:10:33.1951959+07:00] Service card created: Nhãn Khoa (Mắt)
[2025-11-24T03:10:33.2534993+07:00] Service card created: Nội Tổng Quát
[2025-11-24T03:10:33.3242964+07:00] Service card created: Thần Kinh
[2025-11-24T03:10:33.4582581+07:00] Service card created: Khám Tổng Quát
[2025-11-24T03:10:33.5192297+07:00] Service card created: Răng - Hàm - Mặt
[2025-11-24T03:10:33.7757868+07:00] Service card created: Tai - Mũi - Họng
[2025-11-24T03:10:33.8241242+07:00] Service card created: Sản - Phụ Khoa
[2025-11-24T03:10:33.8990661+07:00] Service card created: Da Liễu
[2025-11-24T03:10:33.9519397+07:00] Service card created: Cơ Xương Khớp
[2025-11-24T03:10:33.9849526+07:00] Service_Load completed successfully. Services count: 10
[2025-11-24T03:11:45.9393255+07:00] Service_Load start. SpecialtyApiClient is present.
[2025-11-24T03:11:46.0460053+07:00] Service card created: Nhi Khoa
[2025-11-24T03:11:46.1125333+07:00] Service card created: Nhãn Khoa (Mắt)
[2025-11-24T03:11:46.1658893+07:00] Service card created: Nội Tổng Quát
[2025-11-24T03:11:46.2321195+07:00] Service card created: Thần Kinh
[2025-11-24T03:11:46.3076113+07:00] Service card created: Khám Tổng Quát
[2025-11-24T03:11:46.3635964+07:00] Service card created: Răng - Hàm - Mặt
[2025-11-24T03:11:46.5549390+07:00] Service card created: Tai - Mũi - Họng
[2025-11-24T03:11:46.6072435+07:00] Service card created: Sản - Phụ Khoa
[2025-11-24T03:11:46.6766924+07:00] Service card created: Da Liễu
[2025-11-24T03:11:46.7412104+07:00] Service card created: Cơ Xương Khớp
[2025-11-24T03:11:46.7746764+07:00] Service_Load completed successfully. Services count: 10
[2025-11-24T03:13:23.8952514+07:00] Service_Load start. SpecialtyApiClient is present.
[2025-11-24T03:13:25.2851515+07:00] Service card created: Nhi Khoa
[2025-11-24T03:13:25.3455710+07:00] Service card created: Nhãn Khoa (Mắt)
[2025-11-24T03:13:25.3912595+07:00] Service card created: Nội Tổng Quát
[2025-11-24T03:13:25.4485900+07:00] Service card created: Thần Kinh
[2025-11-24T03:13:25.5783888+07:00] Service card created: Khám Tổng Quát
[2025-11-24T03:13:25.6284583+07:00] Service card created: Răng - Hàm - Mặt
[2025-11-24T03:13:25.8893755+07:00] Service card created: Tai - Mũi - Họng
[2025-11-24T03:13:25.9373876+07:00] Service card created: Sản - Phụ Khoa
[2025-11-24T03:13:26.0026666+07:00] Service card created: Da Liễu
[2025-11-24T03:13:26.0585721+07:00] Service card created: Cơ Xương Khớp
[2025-11-24T03:13:26.1027020+07:00] Service_Load completed successfully. Services count: 10
[2025-11-24T03:13:26.8219218+07:00] Service_Load start. SpecialtyApiClient is present.
[2025-11-24T03:13:26.9146499+07:00] Service card created: Nhi Khoa
[2025-11-24T03:13:26.9727831+07:00] Service card created: Nhãn Khoa (Mắt)
[2025-11-24T03:13:27.0180868+07:00] Service card created: Nội Tổng Quát
[2025-11-24T03:13:27.0728097+07:00] Service card created: Thần Kinh
[2025-11-24T03:13:27.1426975+07:00] Service card created: Khám Tổng Quát
[2025-11-24T03:13:27.1907107+07:00] Service card created: Răng - Hàm - Mặt
[2025-11-24T03:13:27.3545910+07:00] Service card created: Tai - Mũi - Họng
[2025-11-24T03:13:27.4002227+07:00] Service card created: Sản - Phụ Khoa
[2025-11-24T03:13:27.4598406+07:00] Service card created: Da Liễu
[2025-11-24T03:13:27.5075642+07:00] Service card created: Cơ Xương Khớp
[2025-11-24T03:13:27.5394394+07:00] Service_Load completed successfully. Services count: 10
[2025-11-24T03:15:06.2178412+07:00] Login: button clicked
[2025-11-24T03:15:06.5328490+07:00] Login: succeeded
[2025-11-24T03:20:18.0105129+07:00] Login: button clicked
[2025-11-24T03:20:18.3240981+07:00] Login: succeeded
[2025-11-24T03:23:58.9401340+07:00] Login: button clicked
[2025-11-24T03:23:59.7272400+07:00] Login: succeeded
[2025-11-24T03:23:59.7867030+07:00] MainForm: constructor start
[2025-11-24T03:23:59.7999366+07:00] MainForm: after CreateSidebar
[2025-11-24T03:23:59.8958454+07:00] MainForm: Load event
[2025-11-24T03:24:53.7462153+07:00] Login: button clicked
[2025-11-24T03:24:54.0328837+07:00] Login: succeeded
[2025-11-24T03:32:48.8669617+07:00] Login: button clicked
[2025-11-24T03:32:49.3523369+07:00] Login: succeeded
[2025-11-24T04:01:59.9804263+07:00] Login: button clicked
[2025-11-24T04:02:00.9207300+07:00] Login: succeeded
[2025-11-24T04:02:00.9743205+07:00] MainForm: constructor start
[2025-11-24T04:02:00.9828953+07:00] MainForm: after CreateSidebar
[2025-11-24T04:02:01.0542067+07:00] MainForm: Load event
[2025-11-24T04:11:46.7818637+07:00] Login: button clicked
[2025-11-24T04:11:48.7760287+07:00] Login: succeeded
[2025-11-24T04:11:48.8313923+07:00] MainForm: constructor start
[2025-11-24T04:11:48.8387496+07:00] MainForm: after CreateSidebar
[2025-11-24T04:11:48.9233551+07:00] MainForm: Load event
[2025-11-24T04:26:42.3956887+07:00] Login: button clicked
[2025-11-24T04:26:43.1399766+07:00] Login: succeeded
[2025-11-24T04:26:43.1824013+07:00] MainForm: constructor start
[2025-11-24T04:26:43.1956599+07:00] MainForm: after CreateSidebar
[2025-11-24T04:26:43.2684581+07:00] MainForm: Load event
[2025-11-24T04:31:05.1713595+07:00] Login: button clicked
[2025-11-24T04:31:05.9225096+07:00] Login: succeeded
[2025-11-24T04:31:05.9665873+07:00] MainForm: constructor start
[2025-11-24T04:31:05.9788540+07:00] MainForm: after CreateSidebar
[2025-11-24T04:31:06.0549210+07:00] MainForm: Load event
[2025-11-24T04:36:36.7161415+07:00] Login: button clicked
[2025-11-24T04:36:37.4232290+07:00] Login: succeeded
[2025-11-24T04:36:37.4722887+07:00] MainForm: constructor start
[2025-11-24T04:36:37.4799774+07:00] MainForm: after CreateSidebar
[2025-11-24T04:36:37.5484700+07:00] MainForm: Load event
[2025-11-24T05:03:05.6541622+07:00] Login: button clicked
[2025-11-24T05:03:06.3536443+07:00] Login: succeeded
[2025-11-24T05:03:06.4331081+07:00] MainForm: constructor start
[2025-11-24T05:03:06.4455232+07:00] MainForm: after CreateSidebar
[2025-11-24T05:03:06.5412906+07:00] MainForm: Load event
[2025-11-24T05:15:08.5240715+07:00] Login: button clicked
[2025-11-24T05:15:10.2174891+07:00] Login: succeeded
[2025-11-24T05:15:10.2606010+07:00] MainForm: constructor start
[2025-11-24T05:15:10.2734077+07:00] MainForm: after CreateSidebar
[2025-11-24T05:15:10.3772405+07:00] MainForm: Load event
[2025-12-28T18:09:17.3434535+07:00] Login: button clicked
[2025-12-28T18:09:18.0671975+07:00] Login: succeeded
[2025-12-28T18:09:18.1509138+07:00] MainForm: constructor start
[2025-12-28T18:09:18.1597399+07:00] MainForm: after CreateSidebar
[2025-12-28T18:09:18.2398662+07:00] MainForm: Load event
[2025-12-28T18:15:05.8488721+07:00] Login: button clicked
[2025-12-28T18:15:06.1528567+07:00] Login: succeeded
[2025-12-28T18:15:56.1625433+07:00] Login: button clicked
[2025-12-28T18:15:56.4639787+07:00] Login: succeeded
[2025-12-28T18:15:56.5340901+07:00] Service_Load start. SpecialtyApiClient is present.
[2025-12-28T18:15:57.9932712+07:00] Service card created: Nhi Khoa
[2025-12-28T18:15:58.1171218+07:00] Service card created: Nhãn Khoa (Mắt)
[2025-12-28T18:15:58.1893995+07:00] Service card created: Nội Tổng Quát
[2025-12-28T18:15:58.2650377+07:00] Service card created: Thần Kinh
[2025-12-28T18:15:58.4008581+07:00] Service card created: Khám Tổng Quát
[2025-12-28T18:15:58.4650512+07:00] Service card created: Răng - Hàm - Mặt
[2025-12-28T18:15:58.7586541+07:00] Service card created: Tai - Mũi - Họng
[2025-12-28T18:15:58.8126747+07:00] Service card created: Sản - Phụ Khoa
[2025-12-28T18:15:58.9061814+07:00] Service card created: Da Liễu
[2025-12-28T18:15:58.9654498+07:00] Service card created: Cơ Xương Khớp
[2025-12-28T18:15:58.9983471+07:00] Service_Load completed successfully. Services count: 10
[2025-12-28T18:18:00.4834019+07:00] Service_Load start. SpecialtyApiClient is present.
[2025-12-28T18:18:01.8620776+07:00] Service card created: Nhi Khoa
[2025-12-28T18:18:01.9375384+07:00] Service card created: Nhãn Khoa (Mắt)
[2025-12-28T18:18:01.9968538+07:00] Service card created: Nội Tổng Quát
[2025-12-28T18:18:02.0642788+07:00] Service card created: Thần Kinh
[2025-12-28T18:18:02.2082250+07:00] Service card created: Khám Tổng Quát
[2025-12-28T18:18:02.2741980+07:00] Service card created: Răng - Hàm - Mặt
[2025-12-28T18:18:02.6233041+07:00] Service card created: Tai - Mũi - Họng
[2025-12-28T18:18:02.6836919+07:00] Service card created: Sản - Phụ Khoa
[2025-12-28T18:18:02.7937039+07:00] Service card created: Da Liễu
[2025-12-28T18:18:02.8712508+07:00] Service card created: Cơ Xương Khớp
[2025-12-28T18:18:02.9277500+07:00] Service_Load completed successfully. Services count: 10
[2025-12-28T18:43:30.1649962+07:00] Service card created: Nhãn Khoa (Mắt)
[2025-12-28T18:43:30.2280470+07:00] Service card created: Nội Tổng Quát
[2025-12-28T18:43:30.2986406+07:00] Service card created: Thần Kinh
[2025-12-28T18:43:30.4641809+07:00] Service card created: Khám Tổng Quát
[2025-12-28T18:43:30.5270943+07:00] Service card created: Răng - Hàm - Mặt
[2025-12-28T18:43:30.8325532+07:00] Service card created: Tai - Mũi - Họng
[2025-12-28T18:43:30.9081890+07:00] Service card created: Thần Kinh
[2025-12-28T18:43:31.8117372+07:00] Service card created: Nhãn Khoa (Mắt)
[2025-12-28T18:43:31.8685516+07:00] Service card created: Nội Tổng Quát
[2025-12-28T18:43:31.9283113+07:00] Service card created: Thần Kinh
[2025-12-28T18:43:32.0000160+07:00] Service card created: Khám Tổng Quát
[2025-12-28T18:43:32.0638765+07:00] Service card created: Răng - Hàm - Mặt
[2025-12-28T18:43:32.2779066+07:00] Service card created: Tai - Mũi - Họng
[2025-12-28T18:43:33.9922641+07:00] Service card created: Nhi Khoa
[2025-12-28T18:43:34.0512607+07:00] Service card created: Nhãn Khoa (Mắt)
[2025-12-28T18:43:34.1010600+07:00] Service card created: Nội Tổng Quát
[2025-12-28T18:43:34.1638120+07:00] Service card created: Thần Kinh
[2025-12-28T18:43:34.2345524+07:00] Service card created: Khám Tổng Quát
[2025-12-28T18:43:34.2875524+07:00] Service card created: Răng - Hàm - Mặt
[2025-12-28T18:43:34.4609842+07:00] Service card created: Tai - Mũi - Họng
[2025-12-28T18:43:34.5245366+07:00] Service card created: Sản - Phụ Khoa
[2025-12-28T18:43:34.6175910+07:00] Service card created: Da Liễu
[2025-12-28T18:43:34.6867496+07:00] Service card created: Cơ Xương Khớp
[2026-01-19T16:16:53.4199087+07:00] Login: button clicked
[2026-01-19T16:39:56.7090827+07:00] Login: button clicked
[2026-01-19T16:41:01.4184602+07:00] Login: button clicked
[2026-01-19T16:41:02.1075112+07:00] Login: succeeded
[2026-01-19T16:41:02.1993953+07:00] MainForm: constructor start
[2026-01-19T16:41:02.2149695+07:00] MainForm: after CreateSidebar
[2026-01-19T16:41:02.2724050+07:00] MainForm: Load event
[2026-01-19T18:05:04.2359649+07:00] Login: button clicked
[2026-01-19T18:05:08.6168348+07:00] Login: button clicked
[2026-01-19T18:05:17.7838721+07:00] Login: button clicked
[2026-01-19T18:05:49.8817525+07:00] Login: button clicked
[2026-01-19T18:05:57.9265588+07:00] Login: button clicked
[2026-01-19T18:05:58.2192229+07:00] Login: succeeded
[2026-01-19T18:05:58.2573842+07:00] MainForm: constructor start
[2026-01-19T18:05:58.2675712+07:00] MainForm: after CreateSidebar
[2026-01-19T18:05:58.3221996+07:00] MainForm: Load event
[2026-01-19T18:26:33.8093415+07:00] Login: button clicked
[2026-01-19T18:26:34.4732258+07:00] Login: succeeded
[2026-01-19T18:26:34.5283956+07:00] MainForm: constructor start
[2026-01-19T18:26:34.5387381+07:00] MainForm: after CreateSidebar
[2026-01-19T18:26:34.5926519+07:00] MainForm: Load event
[2026-01-19T18:43:33.9637337+07:00] Login: button clicked
[2026-01-19T18:43:34.7257814+07:00] Login: succeeded
[2026-01-19T18:43:34.7639724+07:00] MainForm: constructor start
[2026-01-19T18:43:34.7718045+07:00] MainForm: after CreateSidebar
[2026-01-19T18:43:34.8309109+07:00] MainForm: Load event
[2026-01-19T18:44:07.7460750+07:00] Login: button clicked
[2026-01-19T18:44:08.3356442+07:00] Login: succeeded
[2026-01-19T18:44:08.3712704+07:00] MainForm: constructor start
[2026-01-19T18:44:08.3819606+07:00] MainForm: after CreateSidebar
[2026-01-19T18:44:08.4487030+07:00] MainForm: Load event
[2026-01-19T19:54:38.4510479+07:00] Login: button clicked
[2026-01-19T19:58:18.4522354+07:00] Login: button clicked
[2026-01-19T19:58:20.5808583+07:00] Login: succeeded
[2026-01-19T19:58:20.6287198+07:00] MainForm: constructor start
[2026-01-19T19:58:20.6446649+07:00] MainForm: after CreateSidebar
[2026-01-19T19:58:20.7020508+07:00] MainForm: Load event
[2026-01-19T22:53:26.8333425+07:00] Login: button clicked
[2026-01-19T22:53:38.7616257+07:00] Login: button clicked
[2026-01-19T22:53:39.1045857+07:00] Login: succeeded
[2026-01-19T22:53:39.1572968+07:00] MainForm: constructor start
[2026-01-19T22:53:39.1720160+07:00] MainForm: after CreateSidebar
[2026-01-19T22:53:39.2678462+07:00] MainForm: Load event
[2026-01-19T23:18:13.6442245+07:00] Login: button clicked
[2026-01-19T23:18:20.7536776+07:00] Login: button clicked
[2026-01-19T23:18:21.0602358+07:00] Login: succeeded
[2026-01-19T23:18:21.1056577+07:00] MainForm: constructor start
[2026-01-19T23:18:21.1182482+07:00] MainForm: after CreateSidebar
[2026-01-19T23:18:21.1822972+07:00] MainForm: Load event
